// Jest Snapshot v1, https://goo.gl/fbAQLP

exports[`Chart component renders the chart in DOM and prevent regression 1`] = `
Object {
  "asFragment": [Function],
  "baseElement": <body>
    <div>
      <div
        data-testid="XY-Chart"
      >
        <div
          class="rv-xy-plot "
          style="width: 600px; height: 600px;"
        >
          <svg
            class="rv-xy-plot__inner"
            height="600"
            style="position: absolute;"
            width="600"
          >
            <g
              class="rv-xy-plot__grid-lines undefined"
              transform="translate(40,10)"
            >
              <line
                class="rv-xy-plot__grid-lines__line"
                x1="0"
                x2="0"
                y1="0"
                y2="550"
              />
              <line
                class="rv-xy-plot__grid-lines__line"
                x1="54.9999999999998"
                x2="54.9999999999998"
                y1="0"
                y2="550"
              />
              <line
                class="rv-xy-plot__grid-lines__line"
                x1="109.9999999999996"
                x2="109.9999999999996"
                y1="0"
                y2="550"
              />
              <line
                class="rv-xy-plot__grid-lines__line"
                x1="165.0000000000004"
                x2="165.0000000000004"
                y1="0"
                y2="550"
              />
              <line
                class="rv-xy-plot__grid-lines__line"
                x1="220.0000000000002"
                x2="220.0000000000002"
                y1="0"
                y2="550"
              />
              <line
                class="rv-xy-plot__grid-lines__line"
                x1="275"
                x2="275"
                y1="0"
                y2="550"
              />
              <line
                class="rv-xy-plot__grid-lines__line"
                x1="329.99999999999983"
                x2="329.99999999999983"
                y1="0"
                y2="550"
              />
              <line
                class="rv-xy-plot__grid-lines__line"
                x1="384.9999999999996"
                x2="384.9999999999996"
                y1="0"
                y2="550"
              />
              <line
                class="rv-xy-plot__grid-lines__line"
                x1="440.0000000000004"
                x2="440.0000000000004"
                y1="0"
                y2="550"
              />
              <line
                class="rv-xy-plot__grid-lines__line"
                x1="495.00000000000017"
                x2="495.00000000000017"
                y1="0"
                y2="550"
              />
              <line
                class="rv-xy-plot__grid-lines__line"
                x1="550"
                x2="550"
                y1="0"
                y2="550"
              />
            </g>
            <g
              class="rv-xy-plot__grid-lines undefined"
              transform="translate(40,10)"
            >
              <line
                class="rv-xy-plot__grid-lines__line"
                x1="0"
                x2="550"
                y1="550"
                y2="550"
              />
              <line
                class="rv-xy-plot__grid-lines__line"
                x1="0"
                x2="550"
                y1="481.25"
                y2="481.25"
              />
              <line
                class="rv-xy-plot__grid-lines__line"
                x1="0"
                x2="550"
                y1="412.5"
                y2="412.5"
              />
              <line
                class="rv-xy-plot__grid-lines__line"
                x1="0"
                x2="550"
                y1="343.75"
                y2="343.75"
              />
              <line
                class="rv-xy-plot__grid-lines__line"
                x1="0"
                x2="550"
                y1="275"
                y2="275"
              />
              <line
                class="rv-xy-plot__grid-lines__line"
                x1="0"
                x2="550"
                y1="206.25"
                y2="206.25"
              />
              <line
                class="rv-xy-plot__grid-lines__line"
                x1="0"
                x2="550"
                y1="137.5"
                y2="137.5"
              />
              <line
                class="rv-xy-plot__grid-lines__line"
                x1="0"
                x2="550"
                y1="68.75"
                y2="68.75"
              />
              <line
                class="rv-xy-plot__grid-lines__line"
                x1="0"
                x2="550"
                y1="0"
                y2="0"
              />
            </g>
            <g
              class="rv-xy-plot__axis rv-xy-plot__axis--horizontal "
              transform="translate(40,560)"
            >
              <line
                class="rv-xy-plot__axis__line"
                x1="0"
                x2="550"
                y1="0"
                y2="0"
              />
              <g
                class="rv-xy-plot__axis__ticks"
                transform="translate(0, 0)"
              >
                <g
                  class="rv-xy-plot__axis__tick"
                  transform="translate(0, 0)"
                >
                  <line
                    class="rv-xy-plot__axis__tick__line"
                    x1="0"
                    x2="0"
                    y1="-6"
                    y2="6"
                  />
                  <text
                    class="rv-xy-plot__axis__tick__text"
                    dy="0.72em"
                    text-anchor="middle"
                    transform="translate(0, 14)"
                  >
                    9.0
                  </text>
                </g>
                <g
                  class="rv-xy-plot__axis__tick"
                  transform="translate(54.9999999999998, 0)"
                >
                  <line
                    class="rv-xy-plot__axis__tick__line"
                    x1="0"
                    x2="0"
                    y1="-6"
                    y2="6"
                  />
                  <text
                    class="rv-xy-plot__axis__tick__text"
                    dy="0.72em"
                    text-anchor="middle"
                    transform="translate(0, 14)"
                  >
                    9.1
                  </text>
                </g>
                <g
                  class="rv-xy-plot__axis__tick"
                  transform="translate(109.9999999999996, 0)"
                >
                  <line
                    class="rv-xy-plot__axis__tick__line"
                    x1="0"
                    x2="0"
                    y1="-6"
                    y2="6"
                  />
                  <text
                    class="rv-xy-plot__axis__tick__text"
                    dy="0.72em"
                    text-anchor="middle"
                    transform="translate(0, 14)"
                  >
                    9.2
                  </text>
                </g>
                <g
                  class="rv-xy-plot__axis__tick"
                  transform="translate(165.0000000000004, 0)"
                >
                  <line
                    class="rv-xy-plot__axis__tick__line"
                    x1="0"
                    x2="0"
                    y1="-6"
                    y2="6"
                  />
                  <text
                    class="rv-xy-plot__axis__tick__text"
                    dy="0.72em"
                    text-anchor="middle"
                    transform="translate(0, 14)"
                  >
                    9.3
                  </text>
                </g>
                <g
                  class="rv-xy-plot__axis__tick"
                  transform="translate(220.0000000000002, 0)"
                >
                  <line
                    class="rv-xy-plot__axis__tick__line"
                    x1="0"
                    x2="0"
                    y1="-6"
                    y2="6"
                  />
                  <text
                    class="rv-xy-plot__axis__tick__text"
                    dy="0.72em"
                    text-anchor="middle"
                    transform="translate(0, 14)"
                  >
                    9.4
                  </text>
                </g>
                <g
                  class="rv-xy-plot__axis__tick"
                  transform="translate(275, 0)"
                >
                  <line
                    class="rv-xy-plot__axis__tick__line"
                    x1="0"
                    x2="0"
                    y1="-6"
                    y2="6"
                  />
                  <text
                    class="rv-xy-plot__axis__tick__text"
                    dy="0.72em"
                    text-anchor="middle"
                    transform="translate(0, 14)"
                  >
                    9.5
                  </text>
                </g>
                <g
                  class="rv-xy-plot__axis__tick"
                  transform="translate(329.99999999999983, 0)"
                >
                  <line
                    class="rv-xy-plot__axis__tick__line"
                    x1="0"
                    x2="0"
                    y1="-6"
                    y2="6"
                  />
                  <text
                    class="rv-xy-plot__axis__tick__text"
                    dy="0.72em"
                    text-anchor="middle"
                    transform="translate(0, 14)"
                  >
                    9.6
                  </text>
                </g>
                <g
                  class="rv-xy-plot__axis__tick"
                  transform="translate(384.9999999999996, 0)"
                >
                  <line
                    class="rv-xy-plot__axis__tick__line"
                    x1="0"
                    x2="0"
                    y1="-6"
                    y2="6"
                  />
                  <text
                    class="rv-xy-plot__axis__tick__text"
                    dy="0.72em"
                    text-anchor="middle"
                    transform="translate(0, 14)"
                  >
                    9.7
                  </text>
                </g>
                <g
                  class="rv-xy-plot__axis__tick"
                  transform="translate(440.0000000000004, 0)"
                >
                  <line
                    class="rv-xy-plot__axis__tick__line"
                    x1="0"
                    x2="0"
                    y1="-6"
                    y2="6"
                  />
                  <text
                    class="rv-xy-plot__axis__tick__text"
                    dy="0.72em"
                    text-anchor="middle"
                    transform="translate(0, 14)"
                  >
                    9.8
                  </text>
                </g>
                <g
                  class="rv-xy-plot__axis__tick"
                  transform="translate(495.00000000000017, 0)"
                >
                  <line
                    class="rv-xy-plot__axis__tick__line"
                    x1="0"
                    x2="0"
                    y1="-6"
                    y2="6"
                  />
                  <text
                    class="rv-xy-plot__axis__tick__text"
                    dy="0.72em"
                    text-anchor="middle"
                    transform="translate(0, 14)"
                  >
                    9.9
                  </text>
                </g>
                <g
                  class="rv-xy-plot__axis__tick"
                  transform="translate(550, 0)"
                >
                  <line
                    class="rv-xy-plot__axis__tick__line"
                    x1="0"
                    x2="0"
                    y1="-6"
                    y2="6"
                  />
                  <text
                    class="rv-xy-plot__axis__tick__text"
                    dy="0.72em"
                    text-anchor="middle"
                    transform="translate(0, 14)"
                  >
                    10.0
                  </text>
                </g>
              </g>
            </g>
            <g
              class="rv-xy-plot__axis rv-xy-plot__axis--vertical "
              transform="translate(0,10)"
            >
              <line
                class="rv-xy-plot__axis__line"
                x1="40"
                x2="40"
                y1="0"
                y2="550"
              />
              <g
                class="rv-xy-plot__axis__ticks"
                transform="translate(40, 0)"
              >
                <g
                  class="rv-xy-plot__axis__tick"
                  transform="translate(0, 550)"
                >
                  <line
                    class="rv-xy-plot__axis__tick__line"
                    x1="6"
                    x2="-6"
                    y1="0"
                    y2="0"
                  />
                  <text
                    class="rv-xy-plot__axis__tick__text"
                    dy="0.32em"
                    text-anchor="end"
                    transform="translate(-14, 0)"
                  >
                    9.0
                  </text>
                </g>
                <g
                  class="rv-xy-plot__axis__tick"
                  transform="translate(0, 481.25)"
                >
                  <line
                    class="rv-xy-plot__axis__tick__line"
                    x1="6"
                    x2="-6"
                    y1="0"
                    y2="0"
                  />
                  <text
                    class="rv-xy-plot__axis__tick__text"
                    dy="0.32em"
                    text-anchor="end"
                    transform="translate(-14, 0)"
                  >
                    9.5
                  </text>
                </g>
                <g
                  class="rv-xy-plot__axis__tick"
                  transform="translate(0, 412.5)"
                >
                  <line
                    class="rv-xy-plot__axis__tick__line"
                    x1="6"
                    x2="-6"
                    y1="0"
                    y2="0"
                  />
                  <text
                    class="rv-xy-plot__axis__tick__text"
                    dy="0.32em"
                    text-anchor="end"
                    transform="translate(-14, 0)"
                  >
                    10.0
                  </text>
                </g>
                <g
                  class="rv-xy-plot__axis__tick"
                  transform="translate(0, 343.75)"
                >
                  <line
                    class="rv-xy-plot__axis__tick__line"
                    x1="6"
                    x2="-6"
                    y1="0"
                    y2="0"
                  />
                  <text
                    class="rv-xy-plot__axis__tick__text"
                    dy="0.32em"
                    text-anchor="end"
                    transform="translate(-14, 0)"
                  >
                    10.5
                  </text>
                </g>
                <g
                  class="rv-xy-plot__axis__tick"
                  transform="translate(0, 275)"
                >
                  <line
                    class="rv-xy-plot__axis__tick__line"
                    x1="6"
                    x2="-6"
                    y1="0"
                    y2="0"
                  />
                  <text
                    class="rv-xy-plot__axis__tick__text"
                    dy="0.32em"
                    text-anchor="end"
                    transform="translate(-14, 0)"
                  >
                    11.0
                  </text>
                </g>
                <g
                  class="rv-xy-plot__axis__tick"
                  transform="translate(0, 206.25)"
                >
                  <line
                    class="rv-xy-plot__axis__tick__line"
                    x1="6"
                    x2="-6"
                    y1="0"
                    y2="0"
                  />
                  <text
                    class="rv-xy-plot__axis__tick__text"
                    dy="0.32em"
                    text-anchor="end"
                    transform="translate(-14, 0)"
                  >
                    11.5
                  </text>
                </g>
                <g
                  class="rv-xy-plot__axis__tick"
                  transform="translate(0, 137.5)"
                >
                  <line
                    class="rv-xy-plot__axis__tick__line"
                    x1="6"
                    x2="-6"
                    y1="0"
                    y2="0"
                  />
                  <text
                    class="rv-xy-plot__axis__tick__text"
                    dy="0.32em"
                    text-anchor="end"
                    transform="translate(-14, 0)"
                  >
                    12.0
                  </text>
                </g>
                <g
                  class="rv-xy-plot__axis__tick"
                  transform="translate(0, 68.75)"
                >
                  <line
                    class="rv-xy-plot__axis__tick__line"
                    x1="6"
                    x2="-6"
                    y1="0"
                    y2="0"
                  />
                  <text
                    class="rv-xy-plot__axis__tick__text"
                    dy="0.32em"
                    text-anchor="end"
                    transform="translate(-14, 0)"
                  >
                    12.5
                  </text>
                </g>
                <g
                  class="rv-xy-plot__axis__tick"
                  transform="translate(0, 0)"
                >
                  <line
                    class="rv-xy-plot__axis__tick__line"
                    x1="6"
                    x2="-6"
                    y1="0"
                    y2="0"
                  />
                  <text
                    class="rv-xy-plot__axis__tick__text"
                    dy="0.32em"
                    text-anchor="end"
                    transform="translate(-14, 0)"
                  >
                    13.0
                  </text>
                </g>
              </g>
            </g>
            <g
              class="rv-xy-plot__series rv-xy-plot__series--mark mark-series-overrides"
              transform="translate(40,10)"
            >
              <circle
                cx="550"
                cy="275"
                r="5"
                style="opacity: 1; stroke: #12939A; fill: #12939A; stroke-width: 1;"
              />
              <circle
                cx="550"
                cy="137.5"
                r="5"
                style="opacity: 1; stroke: #12939A; fill: #12939A; stroke-width: 1;"
              />
              <circle
                cx="550"
                cy="0"
                r="5"
                style="opacity: 1; stroke: #12939A; fill: #12939A; stroke-width: 1;"
              />
            </g>
            <g
              class="rv-xy-plot__series rv-xy-plot__series--label "
              transform="translate(40,10)"
            >
              <text
                class="rv-xy-plot__series--label-text"
                dominant-baseline="text-after-edge"
                text-anchor="end"
                transform="rotate(0,550,275)"
                x="550"
                y="275"
              >
                cs1
              </text>
              <text
                class="rv-xy-plot__series--label-text"
                dominant-baseline="text-before-edge"
                text-anchor="end"
                transform="rotate(0,550,137.5)"
                x="550"
                y="137.5"
              >
                cs2
              </text>
              <text
                class="rv-xy-plot__series--label-text"
                dominant-baseline="text-before-edge"
                text-anchor="end"
                transform="rotate(0,550,0)"
                x="550"
                y="0"
              >
                cs3
              </text>
              <text
                class="rv-xy-plot__series--label-text"
                dominant-baseline="text-after-edge"
                text-anchor="start"
                transform="rotate(0,0,550)"
                x="0"
                y="550"
              >
                cs1
              </text>
            </g>
            <g
              class="rv-xy-plot__series rv-xy-plot__series--custom-svg-wrapper custom-svg-series-anchor"
              transform="translate(40,10)"
            >
              <g
                class="rv-xy-plot__series--custom-svg"
                transform="translate(0,550)"
              >
                <circle
                  cx="0"
                  cy="0"
                  r="1"
                />
              </g>
            </g>
          </svg>
        </div>
        <div
          class="rv-discrete-color-legend horizontal "
        >
          <div
            class="rv-discrete-color-legend-item horizontal"
          >
            <svg
              class="rv-discrete-color-legend-item__color"
              height="2"
              width="14"
            >
              <path
                class="rv-discrete-color-legend-item__color__path"
                d="M 0, 1 L 14, 1"
                style="stroke: red;"
              />
            </svg>
            <span
              class="rv-discrete-color-legend-item__title"
            >
              User
            </span>
          </div>
          <div
            class="rv-discrete-color-legend-item horizontal"
          >
            <svg
              class="rv-discrete-color-legend-item__color"
              height="2"
              width="14"
            >
              <path
                class="rv-discrete-color-legend-item__color__path"
                d="M 0, 1 L 14, 1"
                style="stroke: rgb(18 147 154);"
              />
            </svg>
            <span
              class="rv-discrete-color-legend-item__title"
            >
              Coffee Shops
            </span>
          </div>
        </div>
      </div>
    </div>
  </body>,
  "container": <div>
    <div
      data-testid="XY-Chart"
    >
      <div
        class="rv-xy-plot "
        style="width: 600px; height: 600px;"
      >
        <svg
          class="rv-xy-plot__inner"
          height="600"
          style="position: absolute;"
          width="600"
        >
          <g
            class="rv-xy-plot__grid-lines undefined"
            transform="translate(40,10)"
          >
            <line
              class="rv-xy-plot__grid-lines__line"
              x1="0"
              x2="0"
              y1="0"
              y2="550"
            />
            <line
              class="rv-xy-plot__grid-lines__line"
              x1="54.9999999999998"
              x2="54.9999999999998"
              y1="0"
              y2="550"
            />
            <line
              class="rv-xy-plot__grid-lines__line"
              x1="109.9999999999996"
              x2="109.9999999999996"
              y1="0"
              y2="550"
            />
            <line
              class="rv-xy-plot__grid-lines__line"
              x1="165.0000000000004"
              x2="165.0000000000004"
              y1="0"
              y2="550"
            />
            <line
              class="rv-xy-plot__grid-lines__line"
              x1="220.0000000000002"
              x2="220.0000000000002"
              y1="0"
              y2="550"
            />
            <line
              class="rv-xy-plot__grid-lines__line"
              x1="275"
              x2="275"
              y1="0"
              y2="550"
            />
            <line
              class="rv-xy-plot__grid-lines__line"
              x1="329.99999999999983"
              x2="329.99999999999983"
              y1="0"
              y2="550"
            />
            <line
              class="rv-xy-plot__grid-lines__line"
              x1="384.9999999999996"
              x2="384.9999999999996"
              y1="0"
              y2="550"
            />
            <line
              class="rv-xy-plot__grid-lines__line"
              x1="440.0000000000004"
              x2="440.0000000000004"
              y1="0"
              y2="550"
            />
            <line
              class="rv-xy-plot__grid-lines__line"
              x1="495.00000000000017"
              x2="495.00000000000017"
              y1="0"
              y2="550"
            />
            <line
              class="rv-xy-plot__grid-lines__line"
              x1="550"
              x2="550"
              y1="0"
              y2="550"
            />
          </g>
          <g
            class="rv-xy-plot__grid-lines undefined"
            transform="translate(40,10)"
          >
            <line
              class="rv-xy-plot__grid-lines__line"
              x1="0"
              x2="550"
              y1="550"
              y2="550"
            />
            <line
              class="rv-xy-plot__grid-lines__line"
              x1="0"
              x2="550"
              y1="481.25"
              y2="481.25"
            />
            <line
              class="rv-xy-plot__grid-lines__line"
              x1="0"
              x2="550"
              y1="412.5"
              y2="412.5"
            />
            <line
              class="rv-xy-plot__grid-lines__line"
              x1="0"
              x2="550"
              y1="343.75"
              y2="343.75"
            />
            <line
              class="rv-xy-plot__grid-lines__line"
              x1="0"
              x2="550"
              y1="275"
              y2="275"
            />
            <line
              class="rv-xy-plot__grid-lines__line"
              x1="0"
              x2="550"
              y1="206.25"
              y2="206.25"
            />
            <line
              class="rv-xy-plot__grid-lines__line"
              x1="0"
              x2="550"
              y1="137.5"
              y2="137.5"
            />
            <line
              class="rv-xy-plot__grid-lines__line"
              x1="0"
              x2="550"
              y1="68.75"
              y2="68.75"
            />
            <line
              class="rv-xy-plot__grid-lines__line"
              x1="0"
              x2="550"
              y1="0"
              y2="0"
            />
          </g>
          <g
            class="rv-xy-plot__axis rv-xy-plot__axis--horizontal "
            transform="translate(40,560)"
          >
            <line
              class="rv-xy-plot__axis__line"
              x1="0"
              x2="550"
              y1="0"
              y2="0"
            />
            <g
              class="rv-xy-plot__axis__ticks"
              transform="translate(0, 0)"
            >
              <g
                class="rv-xy-plot__axis__tick"
                transform="translate(0, 0)"
              >
                <line
                  class="rv-xy-plot__axis__tick__line"
                  x1="0"
                  x2="0"
                  y1="-6"
                  y2="6"
                />
                <text
                  class="rv-xy-plot__axis__tick__text"
                  dy="0.72em"
                  text-anchor="middle"
                  transform="translate(0, 14)"
                >
                  9.0
                </text>
              </g>
              <g
                class="rv-xy-plot__axis__tick"
                transform="translate(54.9999999999998, 0)"
              >
                <line
                  class="rv-xy-plot__axis__tick__line"
                  x1="0"
                  x2="0"
                  y1="-6"
                  y2="6"
                />
                <text
                  class="rv-xy-plot__axis__tick__text"
                  dy="0.72em"
                  text-anchor="middle"
                  transform="translate(0, 14)"
                >
                  9.1
                </text>
              </g>
              <g
                class="rv-xy-plot__axis__tick"
                transform="translate(109.9999999999996, 0)"
              >
                <line
                  class="rv-xy-plot__axis__tick__line"
                  x1="0"
                  x2="0"
                  y1="-6"
                  y2="6"
                />
                <text
                  class="rv-xy-plot__axis__tick__text"
                  dy="0.72em"
                  text-anchor="middle"
                  transform="translate(0, 14)"
                >
                  9.2
                </text>
              </g>
              <g
                class="rv-xy-plot__axis__tick"
                transform="translate(165.0000000000004, 0)"
              >
                <line
                  class="rv-xy-plot__axis__tick__line"
                  x1="0"
                  x2="0"
                  y1="-6"
                  y2="6"
                />
                <text
                  class="rv-xy-plot__axis__tick__text"
                  dy="0.72em"
                  text-anchor="middle"
                  transform="translate(0, 14)"
                >
                  9.3
                </text>
              </g>
              <g
                class="rv-xy-plot__axis__tick"
                transform="translate(220.0000000000002, 0)"
              >
                <line
                  class="rv-xy-plot__axis__tick__line"
                  x1="0"
                  x2="0"
                  y1="-6"
                  y2="6"
                />
                <text
                  class="rv-xy-plot__axis__tick__text"
                  dy="0.72em"
                  text-anchor="middle"
                  transform="translate(0, 14)"
                >
                  9.4
                </text>
              </g>
              <g
                class="rv-xy-plot__axis__tick"
                transform="translate(275, 0)"
              >
                <line
                  class="rv-xy-plot__axis__tick__line"
                  x1="0"
                  x2="0"
                  y1="-6"
                  y2="6"
                />
                <text
                  class="rv-xy-plot__axis__tick__text"
                  dy="0.72em"
                  text-anchor="middle"
                  transform="translate(0, 14)"
                >
                  9.5
                </text>
              </g>
              <g
                class="rv-xy-plot__axis__tick"
                transform="translate(329.99999999999983, 0)"
              >
                <line
                  class="rv-xy-plot__axis__tick__line"
                  x1="0"
                  x2="0"
                  y1="-6"
                  y2="6"
                />
                <text
                  class="rv-xy-plot__axis__tick__text"
                  dy="0.72em"
                  text-anchor="middle"
                  transform="translate(0, 14)"
                >
                  9.6
                </text>
              </g>
              <g
                class="rv-xy-plot__axis__tick"
                transform="translate(384.9999999999996, 0)"
              >
                <line
                  class="rv-xy-plot__axis__tick__line"
                  x1="0"
                  x2="0"
                  y1="-6"
                  y2="6"
                />
                <text
                  class="rv-xy-plot__axis__tick__text"
                  dy="0.72em"
                  text-anchor="middle"
                  transform="translate(0, 14)"
                >
                  9.7
                </text>
              </g>
              <g
                class="rv-xy-plot__axis__tick"
                transform="translate(440.0000000000004, 0)"
              >
                <line
                  class="rv-xy-plot__axis__tick__line"
                  x1="0"
                  x2="0"
                  y1="-6"
                  y2="6"
                />
                <text
                  class="rv-xy-plot__axis__tick__text"
                  dy="0.72em"
                  text-anchor="middle"
                  transform="translate(0, 14)"
                >
                  9.8
                </text>
              </g>
              <g
                class="rv-xy-plot__axis__tick"
                transform="translate(495.00000000000017, 0)"
              >
                <line
                  class="rv-xy-plot__axis__tick__line"
                  x1="0"
                  x2="0"
                  y1="-6"
                  y2="6"
                />
                <text
                  class="rv-xy-plot__axis__tick__text"
                  dy="0.72em"
                  text-anchor="middle"
                  transform="translate(0, 14)"
                >
                  9.9
                </text>
              </g>
              <g
                class="rv-xy-plot__axis__tick"
                transform="translate(550, 0)"
              >
                <line
                  class="rv-xy-plot__axis__tick__line"
                  x1="0"
                  x2="0"
                  y1="-6"
                  y2="6"
                />
                <text
                  class="rv-xy-plot__axis__tick__text"
                  dy="0.72em"
                  text-anchor="middle"
                  transform="translate(0, 14)"
                >
                  10.0
                </text>
              </g>
            </g>
          </g>
          <g
            class="rv-xy-plot__axis rv-xy-plot__axis--vertical "
            transform="translate(0,10)"
          >
            <line
              class="rv-xy-plot__axis__line"
              x1="40"
              x2="40"
              y1="0"
              y2="550"
            />
            <g
              class="rv-xy-plot__axis__ticks"
              transform="translate(40, 0)"
            >
              <g
                class="rv-xy-plot__axis__tick"
                transform="translate(0, 550)"
              >
                <line
                  class="rv-xy-plot__axis__tick__line"
                  x1="6"
                  x2="-6"
                  y1="0"
                  y2="0"
                />
                <text
                  class="rv-xy-plot__axis__tick__text"
                  dy="0.32em"
                  text-anchor="end"
                  transform="translate(-14, 0)"
                >
                  9.0
                </text>
              </g>
              <g
                class="rv-xy-plot__axis__tick"
                transform="translate(0, 481.25)"
              >
                <line
                  class="rv-xy-plot__axis__tick__line"
                  x1="6"
                  x2="-6"
                  y1="0"
                  y2="0"
                />
                <text
                  class="rv-xy-plot__axis__tick__text"
                  dy="0.32em"
                  text-anchor="end"
                  transform="translate(-14, 0)"
                >
                  9.5
                </text>
              </g>
              <g
                class="rv-xy-plot__axis__tick"
                transform="translate(0, 412.5)"
              >
                <line
                  class="rv-xy-plot__axis__tick__line"
                  x1="6"
                  x2="-6"
                  y1="0"
                  y2="0"
                />
                <text
                  class="rv-xy-plot__axis__tick__text"
                  dy="0.32em"
                  text-anchor="end"
                  transform="translate(-14, 0)"
                >
                  10.0
                </text>
              </g>
              <g
                class="rv-xy-plot__axis__tick"
                transform="translate(0, 343.75)"
              >
                <line
                  class="rv-xy-plot__axis__tick__line"
                  x1="6"
                  x2="-6"
                  y1="0"
                  y2="0"
                />
                <text
                  class="rv-xy-plot__axis__tick__text"
                  dy="0.32em"
                  text-anchor="end"
                  transform="translate(-14, 0)"
                >
                  10.5
                </text>
              </g>
              <g
                class="rv-xy-plot__axis__tick"
                transform="translate(0, 275)"
              >
                <line
                  class="rv-xy-plot__axis__tick__line"
                  x1="6"
                  x2="-6"
                  y1="0"
                  y2="0"
                />
                <text
                  class="rv-xy-plot__axis__tick__text"
                  dy="0.32em"
                  text-anchor="end"
                  transform="translate(-14, 0)"
                >
                  11.0
                </text>
              </g>
              <g
                class="rv-xy-plot__axis__tick"
                transform="translate(0, 206.25)"
              >
                <line
                  class="rv-xy-plot__axis__tick__line"
                  x1="6"
                  x2="-6"
                  y1="0"
                  y2="0"
                />
                <text
                  class="rv-xy-plot__axis__tick__text"
                  dy="0.32em"
                  text-anchor="end"
                  transform="translate(-14, 0)"
                >
                  11.5
                </text>
              </g>
              <g
                class="rv-xy-plot__axis__tick"
                transform="translate(0, 137.5)"
              >
                <line
                  class="rv-xy-plot__axis__tick__line"
                  x1="6"
                  x2="-6"
                  y1="0"
                  y2="0"
                />
                <text
                  class="rv-xy-plot__axis__tick__text"
                  dy="0.32em"
                  text-anchor="end"
                  transform="translate(-14, 0)"
                >
                  12.0
                </text>
              </g>
              <g
                class="rv-xy-plot__axis__tick"
                transform="translate(0, 68.75)"
              >
                <line
                  class="rv-xy-plot__axis__tick__line"
                  x1="6"
                  x2="-6"
                  y1="0"
                  y2="0"
                />
                <text
                  class="rv-xy-plot__axis__tick__text"
                  dy="0.32em"
                  text-anchor="end"
                  transform="translate(-14, 0)"
                >
                  12.5
                </text>
              </g>
              <g
                class="rv-xy-plot__axis__tick"
                transform="translate(0, 0)"
              >
                <line
                  class="rv-xy-plot__axis__tick__line"
                  x1="6"
                  x2="-6"
                  y1="0"
                  y2="0"
                />
                <text
                  class="rv-xy-plot__axis__tick__text"
                  dy="0.32em"
                  text-anchor="end"
                  transform="translate(-14, 0)"
                >
                  13.0
                </text>
              </g>
            </g>
          </g>
          <g
            class="rv-xy-plot__series rv-xy-plot__series--mark mark-series-overrides"
            transform="translate(40,10)"
          >
            <circle
              cx="550"
              cy="275"
              r="5"
              style="opacity: 1; stroke: #12939A; fill: #12939A; stroke-width: 1;"
            />
            <circle
              cx="550"
              cy="137.5"
              r="5"
              style="opacity: 1; stroke: #12939A; fill: #12939A; stroke-width: 1;"
            />
            <circle
              cx="550"
              cy="0"
              r="5"
              style="opacity: 1; stroke: #12939A; fill: #12939A; stroke-width: 1;"
            />
          </g>
          <g
            class="rv-xy-plot__series rv-xy-plot__series--label "
            transform="translate(40,10)"
          >
            <text
              class="rv-xy-plot__series--label-text"
              dominant-baseline="text-after-edge"
              text-anchor="end"
              transform="rotate(0,550,275)"
              x="550"
              y="275"
            >
              cs1
            </text>
            <text
              class="rv-xy-plot__series--label-text"
              dominant-baseline="text-before-edge"
              text-anchor="end"
              transform="rotate(0,550,137.5)"
              x="550"
              y="137.5"
            >
              cs2
            </text>
            <text
              class="rv-xy-plot__series--label-text"
              dominant-baseline="text-before-edge"
              text-anchor="end"
              transform="rotate(0,550,0)"
              x="550"
              y="0"
            >
              cs3
            </text>
            <text
              class="rv-xy-plot__series--label-text"
              dominant-baseline="text-after-edge"
              text-anchor="start"
              transform="rotate(0,0,550)"
              x="0"
              y="550"
            >
              cs1
            </text>
          </g>
          <g
            class="rv-xy-plot__series rv-xy-plot__series--custom-svg-wrapper custom-svg-series-anchor"
            transform="translate(40,10)"
          >
            <g
              class="rv-xy-plot__series--custom-svg"
              transform="translate(0,550)"
            >
              <circle
                cx="0"
                cy="0"
                r="1"
              />
            </g>
          </g>
        </svg>
      </div>
      <div
        class="rv-discrete-color-legend horizontal "
      >
        <div
          class="rv-discrete-color-legend-item horizontal"
        >
          <svg
            class="rv-discrete-color-legend-item__color"
            height="2"
            width="14"
          >
            <path
              class="rv-discrete-color-legend-item__color__path"
              d="M 0, 1 L 14, 1"
              style="stroke: red;"
            />
          </svg>
          <span
            class="rv-discrete-color-legend-item__title"
          >
            User
          </span>
        </div>
        <div
          class="rv-discrete-color-legend-item horizontal"
        >
          <svg
            class="rv-discrete-color-legend-item__color"
            height="2"
            width="14"
          >
            <path
              class="rv-discrete-color-legend-item__color__path"
              d="M 0, 1 L 14, 1"
              style="stroke: rgb(18 147 154);"
            />
          </svg>
          <span
            class="rv-discrete-color-legend-item__title"
          >
            Coffee Shops
          </span>
        </div>
      </div>
    </div>
  </div>,
  "debug": [Function],
  "findAllByAltText": [Function],
  "findAllByDisplayValue": [Function],
  "findAllByLabelText": [Function],
  "findAllByPlaceholderText": [Function],
  "findAllByRole": [Function],
  "findAllByTestId": [Function],
  "findAllByText": [Function],
  "findAllByTitle": [Function],
  "findByAltText": [Function],
  "findByDisplayValue": [Function],
  "findByLabelText": [Function],
  "findByPlaceholderText": [Function],
  "findByRole": [Function],
  "findByTestId": [Function],
  "findByText": [Function],
  "findByTitle": [Function],
  "getAllByAltText": [Function],
  "getAllByDisplayValue": [Function],
  "getAllByLabelText": [Function],
  "getAllByPlaceholderText": [Function],
  "getAllByRole": [Function],
  "getAllByTestId": [Function],
  "getAllByText": [Function],
  "getAllByTitle": [Function],
  "getByAltText": [Function],
  "getByDisplayValue": [Function],
  "getByLabelText": [Function],
  "getByPlaceholderText": [Function],
  "getByRole": [Function],
  "getByTestId": [Function],
  "getByText": [Function],
  "getByTitle": [Function],
  "queryAllByAltText": [Function],
  "queryAllByDisplayValue": [Function],
  "queryAllByLabelText": [Function],
  "queryAllByPlaceholderText": [Function],
  "queryAllByRole": [Function],
  "queryAllByTestId": [Function],
  "queryAllByText": [Function],
  "queryAllByTitle": [Function],
  "queryByAltText": [Function],
  "queryByDisplayValue": [Function],
  "queryByLabelText": [Function],
  "queryByPlaceholderText": [Function],
  "queryByRole": [Function],
  "queryByTestId": [Function],
  "queryByText": [Function],
  "queryByTitle": [Function],
  "rerender": [Function],
  "unmount": [Function],
}
`;
